// Jest Snapshot v1, https://goo.gl/fbAQLP

exports[`renders correctly 1`] = `
<span
  className="tag"
>
  tag
  <span
    className="iconbutton-box"
    onClick={[Function]}
  >
    <i
      className="fa fa-remove "
    />
  </span>
</span>
`;
