// Jest Snapshot v1, https://goo.gl/fbAQLP

exports[`renders correctly 1`] = `
<form
  className="tag-form"
  onSubmit={[Function]}
>
  <input
    placeholder="Tag name"
    type="text"
  />
  <input
    type="submit"
    value="Add tag"
  />
</form>
`;
